Python version: 3.13.2 (tags/v3.13.2:4f8bb39, Feb  4 2025, 15:23:48) [MSC v.1942 64 bit (AMD64)]
 
 
Testing web3 installation... 
web3 version: 7.13.0
 
